// Jest Snapshot v1, https://goo.gl/fbAQLP

exports[`renders correctly 1`] = `"<div class=\\"absolute bottom-2 right-2 text-xs text-gray-600 peer-focus:text-black\\">0 / 100</div>"`;
